To honour the JVM settings for this build a single-use Daemon process will be forked. For more on this, please refer to https://docs.gradle.org/8.14.5/userguide/gradle_daemon.html#sec:disabling_the_daemon in the Gradle documentation.
Daemon will be stopped at the end of the build
Warning: SDK processing. This version only understands SDK XML versions up to 3 but an SDK XML file of version 4 was encountered. This can happen if you use versions of Android Studio and the command-line tools that were released at different times.
> Task :app:checkKotlinGradlePluginConfigurationErrors
> Task :app:preBuild UP-TO-DATE
> Task :app:preDebugBuild UP-TO-DATE
> Task :app:checkDebugAarMetadata UP-TO-DATE
> Task :app:processDebugNavigationResources UP-TO-DATE
> Task :app:compileDebugNavigationResources UP-TO-DATE
> Task :app:generateDebugResValues UP-TO-DATE
> Task :app:mapDebugSourceSetPaths UP-TO-DATE
> Task :app:generateDebugResources UP-TO-DATE
> Task :app:mergeDebugResources UP-TO-DATE
> Task :app:packageDebugResources UP-TO-DATE
> Task :app:parseDebugLocalResources UP-TO-DATE
> Task :app:createDebugCompatibleScreenManifests UP-TO-DATE
> Task :app:extractDeepLinksDebug UP-TO-DATE
> Task :app:processDebugMainManifest UP-TO-DATE
> Task :app:processDebugManifest UP-TO-DATE
> Task :app:processDebugManifestForPackage UP-TO-DATE
> Task :app:processDebugResources UP-TO-DATE
> Task :app:compileDebugKotlin UP-TO-DATE
> Task :app:javaPreCompileDebug UP-TO-DATE
> Task :app:compileDebugJavaWithJavac NO-SOURCE
> Task :app:bundleDebugClassesToCompileJar UP-TO-DATE
> Task :app:preDebugAndroidTestBuild SKIPPED
> Task :app:generateDebugAndroidTestResValues
> Task :app:generateDebugAndroidTestLintModel
> Task :app:extractProguardFiles
> Task :app:generateDebugLintReportModel
> Task :app:preDebugUnitTestBuild UP-TO-DATE
> Task :app:generateDebugUnitTestLintModel
> Task :app:lintAnalyzeDebugAndroidTest
> Task :app:lintAnalyzeDebug
> Task :app:lintAnalyzeDebugUnitTest

> Task :app:lintReportDebug
Wrote HTML report to file:///<USERPROFILE>/CodexWork/osmosis-travel-backup/app/build/reports/lint-results-debug.html
Lint found 5 errors, 79 warnings and 2 hints. First failure:
<USERPROFILE>\CodexWork\osmosis-travel-backup\app\src\main\AndroidManifest.xml:13: Error: If you need access to FINE location, you must request both ACCESS_FINE_LOCATION and ACCESS_COARSE_LOCATION [CoarseFineLocation]
    <uses-permission android:name="android.permission.ACCESS_FINE_LOCATION" />
    ~~~~~~~~~~~~~~~~~~~~~~~~~~~~~~~~~~~~~~~~~~~~~~~~~~~~~~~~~~~~~~~~~~~~~~~~~~


> Task :app:lintDebug FAILED
Lint found 5 errors, 79 warnings, 2 hints. First failure:

<USERPROFILE>\CodexWork\osmosis-travel-backup\app\src\main\AndroidManifest.xml:13: Error: If you need access to FINE location, you must request both ACCESS_FINE_LOCATION and ACCESS_COARSE_LOCATION [CoarseFineLocation]
    <uses-permission android:name="android.permission.ACCESS_FINE_LOCATION" />
    ~~~~~~~~~~~~~~~~~~~~~~~~~~~~~~~~~~~~~~~~~~~~~~~~~~~~~~~~~~~~~~~~~~~~~~~~~~

   Explanation for issues of type "CoarseFineLocation":
   If your app requires access to FINE location, on Android 12 and higher you
   must now request both FINE and COARSE. Users will have the option to grant
   only COARSE location. Ensure your app can work with just COARSE location.


The full lint text report is located at:
  <USERPROFILE>\CodexWork\osmosis-travel-backup\app\build\intermediates\lint_intermediate_text_report\debug\lintReportDebug\lint-results-debug.txt

[Incubating] Problems report is available at: file:///<USERPROFILE>/CodexWork/osmosis-travel-backup/build/reports/problems/problems-report.html

FAILURE: Build failed with an exception.

* What went wrong:
Execution failed for task ':app:lintDebug'.
> Lint found errors in the project; aborting build.

  Fix the issues identified by lint, or create a baseline to see only new errors.
  To create a baseline, run `gradlew updateLintBaseline` after adding the following to the module's build.gradle file:
  ```
  android {
      lint {
          baseline = file("lint-baseline.xml")
      }
  }
  ```
  For more details, see https://developer.android.com/studio/write/lint#snapshot

  Lint found 5 errors, 79 warnings, 2 hints. First failure:

  <USERPROFILE>\CodexWork\osmosis-travel-backup\app\src\main\AndroidManifest.xml:13: Error: If you need access to FINE location, you must request both ACCESS_FINE_LOCATION and ACCESS_COARSE_LOCATION [CoarseFineLocation]
      <uses-permission android:name="android.permission.ACCESS_FINE_LOCATION" />
      ~~~~~~~~~~~~~~~~~~~~~~~~~~~~~~~~~~~~~~~~~~~~~~~~~~~~~~~~~~~~~~~~~~~~~~~~~~

     Explanation for issues of type "CoarseFineLocation":
     If your app requires access to FINE location, on Android 12 and higher you
     must now request both FINE and COARSE. Users will have the option to grant
     only COARSE location. Ensure your app can work with just COARSE location.


  The full lint text report is located at:
    <USERPROFILE>\CodexWork\osmosis-travel-backup\app\build\intermediates\lint_intermediate_text_report\debug\lintReportDebug\lint-results-debug.txt

* Try:
> Run with --stacktrace option to get the stack trace.
> Run with --info or --debug option to get more log output.
> Run with --scan to get full insights.
> Get more help at https://help.gradle.org.

Deprecated Gradle features were used in this build, making it incompatible with Gradle 9.0.

You can use '--warning-mode all' to show the individual deprecation warnings and determine if they come from your own scripts or plugins.

For more on this, please refer to https://docs.gradle.org/8.14.5/userguide/command_line_interface.html#sec:command_line_warnings in the Gradle documentation.

BUILD FAILED in 1m 6s
29 actionable tasks: 11 executed, 18 up-to-date
COMMAND: .\gradlew.bat lintDebug --console=plain --no-daemon; EXIT: 1; SECONDS: 66.7046078
